[INFO] Scanning for projects...
[INFO] 
[INFO] ----------------------< com.seu:SEUQuestionBank >-----------------------
[INFO] Building SEU Question Bank 0.0.1-SNAPSHOT
[INFO]   from pom.xml
[INFO] --------------------------------[ jar ]---------------------------------
[INFO] 
[INFO] >>> spring-boot:4.1.1:run (default-cli) > test-compile @ SEUQuestionBank >>>
[INFO] 
[INFO] --- resources:3.5.0:resources (default-resources) @ SEUQuestionBank ---
[INFO] Copying 1 resource from src\main\resources to target\classes
[INFO] Copying 5 resources from src\main\resources to target\classes
[INFO] 
[INFO] --- compiler:3.15.0:compile (default-compile) @ SEUQuestionBank ---
[INFO] Nothing to compile - all classes are up to date.
[INFO] 
[INFO] --- resources:3.5.0:testResources (default-testResources) @ SEUQuestionBank ---
[INFO] skip non existing resourceDirectory D:\Advance Java\SEU Question Bank\src\test\resources
[INFO] 
[INFO] --- compiler:3.15.0:testCompile (default-testCompile) @ SEUQuestionBank ---
[INFO] Nothing to compile - all classes are up to date.
[INFO] 
[INFO] <<< spring-boot:4.1.1:run (default-cli) < test-compile @ SEUQuestionBank <<<
[INFO] 
[INFO] 
[INFO] --- spring-boot:4.1.1:run (default-cli) @ SEUQuestionBank ---
[INFO] Attaching agents: []

  .   ____          _            __ _ _
 /\\ / ___'_ __ _ _(_)_ __  __ _ \ \ \ \
( ( )\___ | '_ | '_| | '_ \/ _` | \ \ \ \
 \\/  ___)| |_)| | | | | || (_| |  ) ) ) )
  '  |____| .__|_| |_|_| |_\__, | / / / /
 =========|_|==============|___/=/_/_/_/

 :: Spring Boot ::                (v4.1.1)

2026-09-23T15:38:54.054+06:00  INFO 17132 --- [SEU Question Bank] [  restartedMain] c.s.s.SeuQuestionBankApplication         : Starting SeuQuestionBankApplication using Java 25.0.3 with PID 17132 (D:\Advance Java\SEU Question Bank\target\classes started by HP in D:\Advance Java\SEU Question Bank)
2026-09-23T15:38:54.059+06:00  INFO 17132 --- [SEU Question Bank] [  restartedMain] c.s.s.SeuQuestionBankApplication         : No active profile set, falling back to 1 default profile: "default"
2026-09-23T15:38:54.170+06:00  INFO 17132 --- [SEU Question Bank] [  restartedMain] .e.DevToolsPropertyDefaultsPostProcessor : Devtools property defaults active! Set 'spring.devtools.add-properties' to 'false' to disable
2026-09-23T15:38:54.170+06:00  INFO 17132 --- [SEU Question Bank] [  restartedMain] .e.DevToolsPropertyDefaultsPostProcessor : For additional web related logging consider setting the 'logging.level.web' property to 'DEBUG'
2026-09-23T15:38:56.046+06:00  INFO 17132 --- [SEU Question Bank] [  restartedMain] .s.d.r.c.RepositoryConfigurationDelegate : Bootstrapping Spring Data MongoDB repositories in DEFAULT mode.
2026-09-23T15:38:56.157+06:00  INFO 17132 --- [SEU Question Bank] [  restartedMain] .s.d.r.c.RepositoryConfigurationDelegate : Finished Spring Data repository scanning in 98 ms. Found 5 MongoDB repository interfaces.
2026-09-23T15:38:57.621+06:00  INFO 17132 --- [SEU Question Bank] [  restartedMain] o.s.boot.tomcat.TomcatWebServer          : Tomcat initialized with port 8007 (http)
2026-09-23T15:38:57.663+06:00  INFO 17132 --- [SEU Question Bank] [  restartedMain] o.apache.catalina.core.StandardService   : Starting service [Tomcat]
2026-09-23T15:38:57.663+06:00  INFO 17132 --- [SEU Question Bank] [  restartedMain] o.apache.catalina.core.StandardEngine    : Starting Servlet engine: [Apache Tomcat/11.0.24]
2026-09-23T15:38:57.784+06:00  INFO 17132 --- [SEU Question Bank] [  restartedMain] b.w.c.s.WebApplicationContextInitializer : Root WebApplicationContext: initialization completed in 3612 ms
2026-09-23T15:38:58.548+06:00  INFO 17132 --- [SEU Question Bank] [bu7.mongodb.net] org.mongodb.driver.cluster               : Adding discovered server ac-scxn4lg-shard-00-01.5cfxbu7.mongodb.net:27017 to client view of cluster
2026-09-23T15:38:58.561+06:00  INFO 17132 --- [SEU Question Bank] [  restartedMain] org.mongodb.driver.client                : MongoClient with metadata {"application": {"name": "Cluster0"}, "driver": {"name": "mongo-java-driver|spring-boot|sync", "version": "5.8.1"}, "os": {"type": "Windows", "name": "Windows 10", "architecture": "amd64", "version": "10.0"}, "platform": "Java/JetBrains s.r.o./25.0.3+1-b329.124"} created with settings MongoClientSettings{readPreference=primary, writeConcern=WriteConcern{w=null, wTimeout=null ms, journal=null}, retryWrites=true, retryReads=true, readConcern=ReadConcern{level=null}, credential=MongoCredential{mechanism=null, userName='iffatjahan1470_db_user', source='admin', password=<hidden>, mechanismProperties=<hidden>}, transportSettings=null, commandListeners=[io.micrometer.core.instrument.binder.mongodb.MongoMetricsCommandListener@230e7ab], codecRegistry=ProvidersCodecRegistry{codecProviders=[ValueCodecProvider{}, BsonValueCodecProvider{}, DBRefCodecProvider{}, DBObjectCodecProvider{}, DocumentCodecProvider{}, CollectionCodecProvider{}, IterableCodecProvider{}, MapCodecProvider{}, GeoJsonCodecProvider{}, GridFSFileCodecProvider{}, Jsr310CodecProvider{}, JsonObjectCodecProvider{}, BsonCodecProvider{}, com.mongodb.client.model.mql.ExpressionCodecProvider@3d6dd4a0, com.mongodb.Jep395RecordCodecProvider@7ea22c90, com.mongodb.KotlinCodecProvider@6f2a0703, EnumCodecProvider{}]}, loggerSettings=LoggerSettings{maxDocumentLength=1000}, clusterSettings={hosts=[127.0.0.1:27017], srvHost=cluster0.5cfxbu7.mongodb.net, srvServiceName=mongodb, mode=MULTIPLE, requiredClusterType=REPLICA_SET, requiredReplicaSetName='atlas-lr3dec-shard-0', serverSelector='null', clusterListeners='[]', serverSelectionTimeout='30000 ms', localThreshold='15 ms'}, socketSettings=SocketSettings{connectTimeoutMS=10000, readTimeoutMS=0, receiveBufferSize=0, proxySettings=ProxySettings{host=null, port=null, username=null, password=null}}, heartbeatSocketSettings=SocketSettings{connectTimeoutMS=10000, readTimeoutMS=10000, receiveBufferSize=0, proxySettings=ProxySettings{host=null, port=null, username=null, password=null}}, connectionPoolSettings=ConnectionPoolSettings{maxSize=100, minSize=0, maxWaitTimeMS=120000, maxConnectionLifeTimeMS=0, maxConnectionIdleTimeMS=0, maintenanceInitialDelayMS=0, maintenanceFrequencyMS=60000, connectionPoolListeners=[io.micrometer.core.instrument.binder.mongodb.MongoMetricsConnectionPoolListener@6a22b8f2], maxConnecting=2}, serverSettings=ServerSettings{heartbeatFrequencyMS=10000, minHeartbeatFrequencyMS=500, serverMonitoringMode=AUTO, serverListeners='[]', serverMonitorListeners='[]'}, sslSettings=SslSettings{enabled=true, invalidHostNameAllowed=false, context=null}, applicationName='Cluster0', compressorList=[], uuidRepresentation=UNSPECIFIED, serverApi=null, autoEncryptionSettings=null, dnsClient=null, inetAddressResolver=null, contextProvider=null, timeoutMS=null}
2026-09-23T15:38:58.605+06:00  INFO 17132 --- [SEU Question Bank] [bu7.mongodb.net] org.mongodb.driver.cluster               : Adding discovered server ac-scxn4lg-shard-00-02.5cfxbu7.mongodb.net:27017 to client view of cluster
2026-09-23T15:38:58.607+06:00  INFO 17132 --- [SEU Question Bank] [bu7.mongodb.net] org.mongodb.driver.cluster               : Adding discovered server ac-scxn4lg-shard-00-00.5cfxbu7.mongodb.net:27017 to client view of cluster
2026-09-23T15:38:59.561+06:00  INFO 17132 --- [SEU Question Bank] [ngodb.net:27017] org.mongodb.driver.cluster               : Monitor thread successfully connected to server with description ServerDescription{address=ac-scxn4lg-shard-00-00.5cfxbu7.mongodb.net:27017, type=REPLICA_SET_SECONDARY, cryptd=false, state=CONNECTED, ok=true, minWireVersion=0, maxWireVersion=25, maxDocumentSize=16777216, logicalSessionTimeoutMinutes=30, roundTripTimeNanos=646355500, minRoundTripTimeNanos=0, setName='atlas-lr3dec-shard-0', canonicalAddress=ac-scxn4lg-shard-00-00.5cfxbu7.mongodb.net:27017, hosts=[ac-scxn4lg-shard-00-01.5cfxbu7.mongodb.net:27017, ac-scxn4lg-shard-00-02.5cfxbu7.mongodb.net:27017, ac-scxn4lg-shard-00-00.5cfxbu7.mongodb.net:27017], passives=[], arbiters=[], primary='ac-scxn4lg-shard-00-01.5cfxbu7.mongodb.net:27017', tagSet=TagSet{[Tag{name='availabilityZone', value='apse1-az1'}, Tag{name='cacheState', value='READY'}, Tag{name='diskState', value='READY'}, Tag{name='nodeType', value='ELECTABLE'}, Tag{name='provider', value='AWS'}, Tag{name='region', value='AP_SOUTHEAST_1'}, Tag{name='workloadType', value='OPERATIONAL'}]}, electionId=null, setVersion=916, topologyVersion=TopologyVersion{processId=6aaac1791abb85c3b62a4af9, counter=11}, lastWriteDate=Wed Sep 23 15:38:59 GMT+06:00 2026, lastUpdateTimeNanos=5759839324799500}
2026-09-23T15:38:59.561+06:00  INFO 17132 --- [SEU Question Bank] [ngodb.net:27017] org.mongodb.driver.cluster               : Monitor thread successfully connected to server with description ServerDescription{address=ac-scxn4lg-shard-00-02.5cfxbu7.mongodb.net:27017, type=REPLICA_SET_SECONDARY, cryptd=false, state=CONNECTED, ok=true, minWireVersion=0, maxWireVersion=25, maxDocumentSize=16777216, logicalSessionTimeoutMinutes=30, roundTripTimeNanos=646355400, minRoundTripTimeNanos=0, setName='atlas-lr3dec-shard-0', canonicalAddress=ac-scxn4lg-shard-00-02.5cfxbu7.mongodb.net:27017, hosts=[ac-scxn4lg-shard-00-01.5cfxbu7.mongodb.net:27017, ac-scxn4lg-shard-00-02.5cfxbu7.mongodb.net:27017, ac-scxn4lg-shard-00-00.5cfxbu7.mongodb.net:27017], passives=[], arbiters=[], primary='ac-scxn4lg-shard-00-01.5cfxbu7.mongodb.net:27017', tagSet=TagSet{[Tag{name='availabilityZone', value='apse1-az3'}, Tag{name='cacheState', value='READY'}, Tag{name='diskState', value='READY'}, Tag{name='nodeType', value='ELECTABLE'}, Tag{name='provider', value='AWS'}, Tag{name='region', value='AP_SOUTHEAST_1'}, Tag{name='workloadType', value='OPERATIONAL'}]}, electionId=null, setVersion=916, topologyVersion=TopologyVersion{processId=6aaac326b38e91513aa3919a, counter=11}, lastWriteDate=Wed Sep 23 15:38:59 GMT+06:00 2026, lastUpdateTimeNanos=5759839324799500}
2026-09-23T15:38:59.562+06:00  INFO 17132 --- [SEU Question Bank] [ngodb.net:27017] org.mongodb.driver.cluster               : Monitor thread successfully connected to server with description ServerDescription{address=ac-scxn4lg-shard-00-01.5cfxbu7.mongodb.net:27017, type=REPLICA_SET_PRIMARY, cryptd=false, state=CONNECTED, ok=true, minWireVersion=0, maxWireVersion=25, maxDocumentSize=16777216, logicalSessionTimeoutMinutes=30, roundTripTimeNanos=646654500, minRoundTripTimeNanos=0, setName='atlas-lr3dec-shard-0', canonicalAddress=ac-scxn4lg-shard-00-01.5cfxbu7.mongodb.net:27017, hosts=[ac-scxn4lg-shard-00-01.5cfxbu7.mongodb.net:27017, ac-scxn4lg-shard-00-02.5cfxbu7.mongodb.net:27017, ac-scxn4lg-shard-00-00.5cfxbu7.mongodb.net:27017], passives=[], arbiters=[], primary='ac-scxn4lg-shard-00-01.5cfxbu7.mongodb.net:27017', tagSet=TagSet{[Tag{name='availabilityZone', value='apse1-az2'}, Tag{name='cacheState', value='READY'}, Tag{name='diskState', value='READY'}, Tag{name='nodeType', value='ELECTABLE'}, Tag{name='provider', value='AWS'}, Tag{name='region', value='AP_SOUTHEAST_1'}, Tag{name='workloadType', value='OPERATIONAL'}]}, electionId=7fffffff00000000000003bb, setVersion=916, topologyVersion=TopologyVersion{processId=6aaac022cf0fba87f6319333, counter=15}, lastWriteDate=Wed Sep 23 15:38:59 GMT+06:00 2026, lastUpdateTimeNanos=5759839325091800}
2026-09-23T15:38:59.568+06:00  INFO 17132 --- [SEU Question Bank] [ngodb.net:27017] org.mongodb.driver.cluster               : Discovered replica set primary ac-scxn4lg-shard-00-01.5cfxbu7.mongodb.net:27017 with max election id 7fffffff00000000000003bb and max set version 916
2026-09-23T15:38:59.601+06:00  WARN 17132 --- [SEU Question Bank] [  restartedMain] .s.a.UserDetailsServiceAutoConfiguration : 

Using generated security password: 7d0362fe-ef29-4863-8824-f1254421e6a0

This generated password is for development use only. Your security configuration must be updated before running your application in production.

2026-09-23T15:38:59.613+06:00  INFO 17132 --- [SEU Question Bank] [  restartedMain] r$InitializeUserDetailsManagerConfigurer : Global AuthenticationManager configured with UserDetailsService bean with name inMemoryUserDetailsManager
2026-09-23T15:39:00.892+06:00  INFO 17132 --- [SEU Question Bank] [  restartedMain] o.s.b.a.e.web.EndpointLinksResolver      : Exposing 1 endpoint beneath base path '/actuator'
2026-09-23T15:39:01.018+06:00  INFO 17132 --- [SEU Question Bank] [  restartedMain] o.s.boot.tomcat.TomcatWebServer          : Tomcat started on port 8007 (http) with context path '/'
2026-09-23T15:39:01.033+06:00  INFO 17132 --- [SEU Question Bank] [  restartedMain] c.s.s.SeuQuestionBankApplication         : Started SeuQuestionBankApplication in 7.799 seconds (process running for 8.716)
2026-09-23T15:39:01.888+06:00  INFO 17132 --- [SEU Question Bank] [  restartedMain] c.s.s.initializer.DataInitializer        : Program CSE already exists, skipping
2026-09-23T15:39:01.965+06:00  INFO 17132 --- [SEU Question Bank] [  restartedMain] c.s.s.initializer.DataInitializer        : Department CSE already exists, skipping
2026-09-23T15:39:11.030+06:00  INFO 17132 --- [SEU Question Bank] [  restartedMain] c.s.s.initializer.DataInitializer        : Course initialization complete: inserted=0, skipped (already exists)=90, total curriculum=90
